<!DOCTYPE html>
<html>
  <body>
    <h2><code>Methods</code></h2>
    <ul>
      <li><a href="#someclass"><code>SomeClass</code></a></li>
      <li><a href="#someclassmethod"><code>someClassMethod</code></a></li>
      <li><a href="#someclass2"><code>SomeClass2</code></a></li>
      <li><a href="#someclassmethod2"><code>someClassMethod2</code></a></li>
    </ul>
    <h2><code>Declarations</code></h2>
    <ul>
      <li><a href="#aproperty"><code>aProperty</code></a></li>
    </ul>
    <h2><code>Methods</code></h2>
    <h3><code>SomeClass</code></h3>
    <p>
      <!--Current comment--><a href="#someclass">#</a><span> </span>
      <!--file table of  contents--><a href="#methods"> &#x24C9;</a>
    </p>
    <p><p>Example:</p>

<div class="highlight"><pre lang="javascript">SomeClass.someClassMethod(x);
</pre></div></p>
    <div id="comment" class="params">
      <h4>Arguments</h4>
      <ol>
        <li><code>param</code><span> </span><em><span> (</span><span>String</span><span>)</span></em><span> - </span><span>a parameter</span></li>
      </ol>
    </div>
    <div id="comment" class="return">
    </div>
    <hr>
    <h3><code>someClassMethod</code></h3>
    <p>
      <!--Current comment--><a href="#someclassmethod">#</a><span> </span>
      <!--file table of  contents--><a href="#methods"> &#x24C9;</a>
    </p>
    <p><p>Example:</p>

<div class="highlight"><pre lang="javascript">SomeClass.someClassMethod(x);
</pre></div></p>
    <div id="comment" class="params">
      <h4>Arguments</h4>
      <ol>
        <li><code>methodParam</code><span> </span><em><span> (</span><span>Function</span><span> | </span><span>String</span><span>)</span></em><span> - </span><span>some method param</span></li>
      </ol>
    </div>
    <div id="comment" class="return">
      <h4>Returns</h4><br/>
      <br/><em><span> (</span><span>Function</span><span> | </span><span>String</span><span>)</span></em><span> - </span><span>A return value</span>
    </div>
    <hr>
    <h3><code>SomeClass2</code></h3>
    <p>
      <!--Current comment--><a href="#someclass2">#</a><span> </span>
      <!--file table of  contents--><a href="#methods"> &#x24C9;</a>
    </p>
    <p><p>Example:</p>

<div class="highlight"><pre lang="javascript">SomeClass2.someClassMethod(x);
</pre></div></p>
    <div id="comment" class="params">
      <h4>Arguments</h4>
      <ol>
        <li><code>param</code><span> </span><em><span> (</span><span>String</span><span>)</span></em><span> - </span><span>a parameter</span></li>
      </ol>
    </div>
    <div id="comment" class="return">
    </div>
    <hr>
    <h3><code>someClassMethod2</code></h3>
    <p>
      <!--Current comment--><a href="#someclassmethod2">#</a><span> </span>
      <!--file table of  contents--><a href="#methods"> &#x24C9;</a>
    </p>
    <p><p>Example:</p>

<div class="highlight"><pre lang="javascript">SomeClass2.someClassMethod(x);
</pre></div></p>
    <div id="comment" class="params">
      <h4>Arguments</h4>
      <ol>
        <li><code>methodParam</code><span> </span><em><span> (</span><span>Function</span><span>)</span></em><span> - </span><span>some method param</span></li>
        <li><code>methodParam2</code><span> </span><em><span> (</span><span>Function</span><span>)</span></em><span> - </span><span>some method param</span></li>
      </ol>
    </div>
    <div id="comment" class="return">
      <h4>Returns</h4><br/>
      <br/><em><span> (</span><span>String</span><span>)</span></em><span> - </span><span>A return value</span>
    </div>
    <hr>
    <h2><code>Declarations</code></h2>
    <h3>aProperty</h3>
    <p>
      <!--Current comment--><a href="#aproperty">#</a><span> </span>
      <!--file table of  contents--><a href="#declarations"> &#x24C9;</a>
    </p>
    <p><span><p>Some property description</p></span>
    </p>
    <hr>
    <h3>aPropertyWithType</h3>
    <p>
      <!--Current comment--><a href="#apropertywithtype">#</a><span> </span>
      <!--file table of  contents--><a href="#declarations"> &#x24C9;</a>
    </p>
    <p>
      <h4>Types</h4>
      <ul></ul>
      <li><em>String</em></li><span><p>Some property with type description</p></span>
    </p>
    <hr>
  </body>
</html>